get_available_size
7441
create_directory
1
exist
1
create_file_root
2
get_absolute_path
/tdsQUr9cCwYAxb_Uf
remove
create_file_root
1
create_directory
3
create_link
4
get_absolute_path
/OIcdpPuIzJb-wQ
create_file
5
create_directory
6
print_layout
[F]tdsQUr9cCwYAxb_Uf (size = 5)
[F]OIcdpPuIzJb-wQ (size = 16)
[D]s4GVTXCN4YZmPlKA
	[F]1bwkV8TDQHJSrZr (size = 49)
[L]pDbrAR [->/OIcdpPuIzJb-wQ]
[D]r_URNoEOQVRK

create_link
7
remove
create_file
2
create_directory
8
create_file
9
create_link
10
create_link
11
create_directory
12
print_layout
[F]OIcdpPuIzJb-wQ (size = 16)
[D]s4GVTXCN4YZmPlKA
	[F]1bwkV8TDQHJSrZr (size = 49)
	[D]KZhrkoyg
	[L]mOfdEzHjsG CU [->/s4GVTXCN4YZmPlKA]
[L]pDbrAR [->/OIcdpPuIzJb-wQ]
[D]r_URNoEOQVRK
	[F]rUlQsH (size = 6)
	[L]DsPDMGD5dqWgwUS [->/2WMsrM8YI83KWn_10]
	[D]CdjssNpw
[L]5eLrHfMY61PDqVJxm11H [->/2WMsrM8YI83KWn_10]
[F]2WMsrM8YI83KWn_10 (size = 43)

get_absolute_path
/r_URNoEOQVRK
create_file
13
get_available_size
7323
get_name
CdjssNpw
create_directory
14
exist
0
create_directory
15
print_layout
[F]OIcdpPuIzJb-wQ (size = 16)
[D]s4GVTXCN4YZmPlKA
	[F]1bwkV8TDQHJSrZr (size = 49)
	[D]KZhrkoyg
	[L]mOfdEzHjsG CU [->/s4GVTXCN4YZmPlKA]
[L]pDbrAR [->/OIcdpPuIzJb-wQ]
[D]r_URNoEOQVRK
	[F]rUlQsH (size = 6)
	[L]DsPDMGD5dqWgwUS [->/2WMsrM8YI83KWn_10]
	[D]CdjssNpw
		[F]DAehcq_fhoemUPV-K9 (size = 4)
	[D]llQZNE1K6q7CNX
[L]5eLrHfMY61PDqVJxm11H [->/2WMsrM8YI83KWn_10]
[F]2WMsrM8YI83KWn_10 (size = 43)
[D]MiTpPEJnpVptE

create_directory
16
create_file
17
print_layout
[F]OIcdpPuIzJb-wQ (size = 16)
[D]s4GVTXCN4YZmPlKA
	[F]1bwkV8TDQHJSrZr (size = 49)
	[D]KZhrkoyg
	[L]mOfdEzHjsG CU [->/s4GVTXCN4YZmPlKA]
[L]pDbrAR [->/OIcdpPuIzJb-wQ]
[D]r_URNoEOQVRK
	[F]rUlQsH (size = 6)
	[L]DsPDMGD5dqWgwUS [->/2WMsrM8YI83KWn_10]
	[D]CdjssNpw
		[F]DAehcq_fhoemUPV-K9 (size = 4)
	[D]llQZNE1K6q7CNX
		[F]qT-i (size = 19)
	[D]mMr3
[L]5eLrHfMY61PDqVJxm11H [->/2WMsrM8YI83KWn_10]
[F]2WMsrM8YI83KWn_10 (size = 43)
[D]MiTpPEJnpVptE

create_link
18
remove
get_name
llQZNE1K6q7CNX
create_directory
19
create_link
20
create_directory
21
create_directory
22
get_handle
8
create_directory
23
create_directory
24
remove
rename
get_available_size
7304
get_available_size
7304
create_file
10
create_file
25
get_available_size
7105
create_link
26
create_link
27
print_layout
[F]OIcdpPuIzJb-wQ (size = 16)
[D]s4GVTXCN4YZmPlKA
	[F]1bwkV8TDQHJSrZr (size = 49)
	[D]KZhrkoyg
	[D]4IKVNw1CivBGzhGFLrV
[L]pDbrAR [->/OIcdpPuIzJb-wQ]
[D]r_URNoEOQVRK
	[F]UVJuZq41CjPRO -pzUrz (size = 6)
	[L]DsPDMGD5dqWgwUS [->/2WMsrM8YI83KWn_10]
	[D]CdjssNpw
		[F]DAehcq_fhoemUPV-K9 (size = 4)
		[L]DNjPuQXvMXEzZi_BhA [->/r_URNoEOQVRK/llQZNE1K6q7CNX/qT-i]
		[F]UqTHqQgjEv (size = 20)
	[D]llQZNE1K6q7CNX
		[F]qT-i (size = 19)
		[D]CjfAnuUyuijyaz42j4
			[L]Mc0legMjWo [->/r_URNoEOQVRK/mMr3]
	[D]mMr3
		[L]x2XiXr [->/r_URNoEOQVRK/llQZNE1K6q7CNX]
		[F]nxFr (size = 179)
	[D]EWQSmUt75dk
	[D]gwfBWAP355js7
		[D]gS7fSxa36Hn8
			[L]0dQVMdNy [->/OIcdpPuIzJb-wQ]
[L]5eLrHfMY61PDqVJxm11H [->/2WMsrM8YI83KWn_10]
[F]2WMsrM8YI83KWn_10 (size = 43)
[D]MiTpPEJnpVptE

get_name
UVJuZq41CjPRO -pzUrz
get_file_size_path
43
create_directory
28
rename
get_available_size
7105
get_name
DsPDMGD5dqWgwUS
create_directory
29
create_file
30
rename
create_file
31
create_directory
32
create_file
33
create_directory
34
create_file
35
print_layout
[F]OIcdpPuIzJb-wQ (size = 16)
[D]s4GVTXCN4YZmPlKA
	[F]1bwkV8TDQHJSrZr (size = 49)
	[D]KZhrkoyg
		[D]LpB3vp
		[D]kxfn3h91A
	[D]4IKVNw1CivBGzhGFLrV
	[F]5Bp4-Kb6VaK4Apy-MXJm (size = 80)
	[F]gxPFenVF (size = 14)
[L]kgsnz4HghMEju_gssE [->/OIcdpPuIzJb-wQ]
[D]r_URNoEOQVRK
	[F]UVJuZq41CjPRO -pzUrz (size = 6)
	[L]DsPDMGD5dqWgwUS [->/kWaf9i7fZ7YCxP_jmbVy]
	[D]CdjssNpw
		[F]DAehcq_fhoemUPV-K9 (size = 4)
		[L]DNjPuQXvMXEzZi_BhA [->/r_URNoEOQVRK/llQZNE1K6q7CNX/qT-i]
		[F]UqTHqQgjEv (size = 20)
		[D]qhABczpUQkbP
	[D]llQZNE1K6q7CNX
		[F]qT-i (size = 19)
		[D]CjfAnuUyuijyaz42j4
			[L]Mc0legMjWo [->/r_URNoEOQVRK/mMr3]
		[F]VADcO (size = 87)
		[F]gpapazdw6O (size = 84)
	[D]mMr3
		[L]x2XiXr [->/r_URNoEOQVRK/llQZNE1K6q7CNX]
		[F]nxFr (size = 179)
	[D]EWQSmUt75dk
		[D]NlsNt_6n6plzM
	[D]gwfBWAP355js7
		[D]gS7fSxa36Hn8
			[L]0dQVMdNy [->/OIcdpPuIzJb-wQ]
[L]5eLrHfMY61PDqVJxm11H [->/kWaf9i7fZ7YCxP_jmbVy]
[F]kWaf9i7fZ7YCxP_jmbVy (size = 43)
[D]MiTpPEJnpVptE

create_link
36
remove
create_file
37
get_handle
5
create_file
38
rename
get_available_size
6710
get_name
KZhrkoyg
remove
get_absolute_path
/r_URNoEOQVRK/gwfBWAP355js7/gS7fSxa36Hn8
create_directory
22
remove
follow
2
create_link
18
create_link
39
create_directory
40
create_directory
41
create_directory
42
get_name
04V9NET
get_file_size_path
179
create_file
43
remove
get_available_size
6695
create_link
44
print_layout
[F]OIcdpPuIzJb-wQ (size = 16)
[D]kMGUq9tid4
	[F]1bwkV8TDQHJSrZr (size = 49)
	[D]KZhrkoyg
		[D]LpB3vp
		[D]kxfn3h91A
		[L]04V9NET [->/r_URNoEOQVRK/mMr3/nxFr]
	[F]5Bp4-Kb6VaK4Apy-MXJm (size = 80)
	[F]gxPFenVF (size = 14)
	[L]-pOjfyfI3f_CPhUNnrU [->/OIcdpPuIzJb-wQ]
[L]kgsnz4HghMEju_gssE [->/OIcdpPuIzJb-wQ]
[D]r_URNoEOQVRK
	[F]UVJuZq41CjPRO -pzUrz (size = 6)
	[L]DsPDMGD5dqWgwUS [->/kWaf9i7fZ7YCxP_jmbVy]
	[D]CdjssNpw
		[F]DAehcq_fhoemUPV-K9 (size = 4)
		[L]DNjPuQXvMXEzZi_BhA [->/r_URNoEOQVRK/llQZNE1K6q7CNX/qT-i]
		[F]UqTHqQgjEv (size = 20)
		[D]qhABczpUQkbP
	[D]llQZNE1K6q7CNX
		[F]qT-i (size = 19)
		[D]CjfAnuUyuijyaz42j4
			[L]Mc0legMjWo [->/r_URNoEOQVRK/mMr3]
		[F]VADcO (size = 87)
		[F]gpapazdw6O (size = 84)
		[F]GBDWTGKowgJs (size = 34)
	[D]mMr3
		[F]nxFr (size = 179)
		[L]0KpmQbcoNV [->/r_URNoEOQVRK/llQZNE1K6q7CNX/qT-i]
	[D]EWQSmUt75dk
		[D]NlsNt_6n6plzM
		[F]uPp Ad-qQw (size = 96)
		[D]hDLHaeEkJohYWS
			[D]fB2xE-MGr-ZTIIGe
				[F]nQzAm-ztN6mJ (size = 15)
	[D]gwfBWAP355js7
		[D]gS7fSxa36Hn8
			[L]0dQVMdNy [->/OIcdpPuIzJb-wQ]
	[L]a7JMxK_-FaERjpC1QJN [->/r_URNoEOQVRK/llQZNE1K6q7CNX]
[L]5eLrHfMY61PDqVJxm11H [->/kWaf9i7fZ7YCxP_jmbVy]
[F]kWaf9i7fZ7YCxP_jmbVy (size = 43)
[D]MiTpPEJnpVptE
	[D]ugQv_a5glXq
		[D]h8G 0aS8Dr-R

get_available_size
6695
get_file_size_path
Invalid handle!
rename
print_layout
[F]OIcdpPuIzJb-wQ (size = 16)
[D]kMGUq9tid4
	[F]1bwkV8TDQHJSrZr (size = 49)
	[D]KZhrkoyg
		[D]LpB3vp
		[D]kxfn3h91A
		[L]04V9NET [->/r_URNoEOQVRK/mMr3/nxFr]
	[F]5Bp4-Kb6VaK4Apy-MXJm (size = 80)
	[F]gxPFenVF (size = 14)
	[L]-pOjfyfI3f_CPhUNnrU [->/OIcdpPuIzJb-wQ]
[L]kgsnz4HghMEju_gssE [->/OIcdpPuIzJb-wQ]
[D]r_URNoEOQVRK
	[F]9yfhzD2c (size = 6)
	[L]DsPDMGD5dqWgwUS [->/kWaf9i7fZ7YCxP_jmbVy]
	[D]CdjssNpw
		[F]DAehcq_fhoemUPV-K9 (size = 4)
		[L]DNjPuQXvMXEzZi_BhA [->/r_URNoEOQVRK/llQZNE1K6q7CNX/qT-i]
		[F]UqTHqQgjEv (size = 20)
		[D]qhABczpUQkbP
	[D]llQZNE1K6q7CNX
		[F]qT-i (size = 19)
		[D]CjfAnuUyuijyaz42j4
			[L]Mc0legMjWo [->/r_URNoEOQVRK/mMr3]
		[F]VADcO (size = 87)
		[F]gpapazdw6O (size = 84)
		[F]GBDWTGKowgJs (size = 34)
	[D]mMr3
		[F]nxFr (size = 179)
		[L]0KpmQbcoNV [->/r_URNoEOQVRK/llQZNE1K6q7CNX/qT-i]
	[D]EWQSmUt75dk
		[D]NlsNt_6n6plzM
		[F]uPp Ad-qQw (size = 96)
		[D]hDLHaeEkJohYWS
			[D]fB2xE-MGr-ZTIIGe
				[F]nQzAm-ztN6mJ (size = 15)
	[D]gwfBWAP355js7
		[D]gS7fSxa36Hn8
			[L]0dQVMdNy [->/OIcdpPuIzJb-wQ]
	[L]a7JMxK_-FaERjpC1QJN [->/r_URNoEOQVRK/llQZNE1K6q7CNX]
[L]5eLrHfMY61PDqVJxm11H [->/kWaf9i7fZ7YCxP_jmbVy]
[F]kWaf9i7fZ7YCxP_jmbVy (size = 43)
[D]MiTpPEJnpVptE
	[D]ugQv_a5glXq
		[D]h8G 0aS8Dr-R

print_layout
[F]OIcdpPuIzJb-wQ (size = 16)
[D]kMGUq9tid4
	[F]1bwkV8TDQHJSrZr (size = 49)
	[D]KZhrkoyg
		[D]LpB3vp
		[D]kxfn3h91A
		[L]04V9NET [->/r_URNoEOQVRK/mMr3/nxFr]
	[F]5Bp4-Kb6VaK4Apy-MXJm (size = 80)
	[F]gxPFenVF (size = 14)
	[L]-pOjfyfI3f_CPhUNnrU [->/OIcdpPuIzJb-wQ]
[L]kgsnz4HghMEju_gssE [->/OIcdpPuIzJb-wQ]
[D]r_URNoEOQVRK
	[F]9yfhzD2c (size = 6)
	[L]DsPDMGD5dqWgwUS [->/kWaf9i7fZ7YCxP_jmbVy]
	[D]CdjssNpw
		[F]DAehcq_fhoemUPV-K9 (size = 4)
		[L]DNjPuQXvMXEzZi_BhA [->/r_URNoEOQVRK/llQZNE1K6q7CNX/qT-i]
		[F]UqTHqQgjEv (size = 20)
		[D]qhABczpUQkbP
	[D]llQZNE1K6q7CNX
		[F]qT-i (size = 19)
		[D]CjfAnuUyuijyaz42j4
			[L]Mc0legMjWo [->/r_URNoEOQVRK/mMr3]
		[F]VADcO (size = 87)
		[F]gpapazdw6O (size = 84)
		[F]GBDWTGKowgJs (size = 34)
	[D]mMr3
		[F]nxFr (size = 179)
		[L]0KpmQbcoNV [->/r_URNoEOQVRK/llQZNE1K6q7CNX/qT-i]
	[D]EWQSmUt75dk
		[D]NlsNt_6n6plzM
		[F]uPp Ad-qQw (size = 96)
		[D]hDLHaeEkJohYWS
			[D]fB2xE-MGr-ZTIIGe
				[F]nQzAm-ztN6mJ (size = 15)
	[D]gwfBWAP355js7
		[D]gS7fSxa36Hn8
			[L]0dQVMdNy [->/OIcdpPuIzJb-wQ]
	[L]a7JMxK_-FaERjpC1QJN [->/r_URNoEOQVRK/llQZNE1K6q7CNX]
[L]5eLrHfMY61PDqVJxm11H [->/kWaf9i7fZ7YCxP_jmbVy]
[F]kWaf9i7fZ7YCxP_jmbVy (size = 43)
[D]MiTpPEJnpVptE
	[D]ugQv_a5glXq
		[D]h8G 0aS8Dr-R

create_link
45
create_directory
46
get_absolute_path
/r_URNoEOQVRK/EWQSmUt75dk/hDLHaeEkJohYWS/fB2xE-MGr-ZTIIGe
get_absolute_path
/kMGUq9tid4/KZhrkoyg
create_directory
47
create_file
48
create_directory
49
print_layout
[F]OIcdpPuIzJb-wQ (size = 16)
[D]kMGUq9tid4
	[F]1bwkV8TDQHJSrZr (size = 49)
	[D]KZhrkoyg
		[D]LpB3vp
		[D]kxfn3h91A
		[L]04V9NET [->/r_URNoEOQVRK/mMr3/nxFr]
	[F]5Bp4-Kb6VaK4Apy-MXJm (size = 80)
	[F]gxPFenVF (size = 14)
	[L]-pOjfyfI3f_CPhUNnrU [->/OIcdpPuIzJb-wQ]
[L]kgsnz4HghMEju_gssE [->/OIcdpPuIzJb-wQ]
[D]r_URNoEOQVRK
	[F]9yfhzD2c (size = 6)
	[L]DsPDMGD5dqWgwUS [->/kWaf9i7fZ7YCxP_jmbVy]
	[D]CdjssNpw
		[F]DAehcq_fhoemUPV-K9 (size = 4)
		[L]DNjPuQXvMXEzZi_BhA [->/r_URNoEOQVRK/llQZNE1K6q7CNX/qT-i]
		[F]UqTHqQgjEv (size = 20)
		[D]qhABczpUQkbP
	[D]llQZNE1K6q7CNX
		[F]qT-i (size = 19)
		[D]CjfAnuUyuijyaz42j4
			[L]Mc0legMjWo [->/r_URNoEOQVRK/mMr3]
		[F]VADcO (size = 87)
		[F]gpapazdw6O (size = 84)
		[F]GBDWTGKowgJs (size = 34)
	[D]mMr3
		[F]nxFr (size = 179)
		[L]0KpmQbcoNV [->/r_URNoEOQVRK/llQZNE1K6q7CNX/qT-i]
	[D]EWQSmUt75dk
		[D]NlsNt_6n6plzM
		[F]uPp Ad-qQw (size = 96)
		[D]hDLHaeEkJohYWS
			[D]fB2xE-MGr-ZTIIGe
				[F]nQzAm-ztN6mJ (size = 15)
	[D]gwfBWAP355js7
		[D]gS7fSxa36Hn8
			[L]0dQVMdNy [->/OIcdpPuIzJb-wQ]
			[L]syn2ub8n [->/r_URNoEOQVRK/gwfBWAP355js7/gS7fSxa36Hn8]
			[D]0ynVcdsbL
		[D]ejnuS8R
			[D]oMnS2
	[L]a7JMxK_-FaERjpC1QJN [->/r_URNoEOQVRK/llQZNE1K6q7CNX]
	[F]hnUCtNQpg3zSWSDrSM (size = 11)
[L]5eLrHfMY61PDqVJxm11H [->/kWaf9i7fZ7YCxP_jmbVy]
[F]kWaf9i7fZ7YCxP_jmbVy (size = 43)
[D]MiTpPEJnpVptE
	[D]ugQv_a5glXq
		[D]h8G 0aS8Dr-R

create_link
50
create_directory
51
rename
get_available_size
6684
exist
1
get_handle
41
get_absolute_path
/r_URNoEOQVRK/EWQSmUt75dk/hDLHaeEkJohYWS
get_handle
33
remove
follow
1
create_link
25
print_layout
[F]OIcdpPuIzJb-wQ (size = 16)
[D]kMGUq9tid4
	[F]1bwkV8TDQHJSrZr (size = 49)
	[D]KZhrkoyg
		[D]LpB3vp
		[D]kxfn3h91A
		[L]04V9NET [->/MiTpPEJnpVptE/ugQv_a5glXq/h8G 0aS8Dr-R]
	[F]5Bp4-Kb6VaK4Apy-MXJm (size = 80)
	[F]gxPFenVF (size = 14)
	[L]-pOjfyfI3f_CPhUNnrU [->/OIcdpPuIzJb-wQ]
[L]kgsnz4HghMEju_gssE [->/OIcdpPuIzJb-wQ]
[D]r_URNoEOQVRK
	[F]9yfhzD2c (size = 6)
	[L]DsPDMGD5dqWgwUS [->/kWaf9i7fZ7YCxP_jmbVy]
	[D]CdjssNpw
		[F]DAehcq_fhoemUPV-K9 (size = 4)
		[L]DNjPuQXvMXEzZi_BhA [->/r_URNoEOQVRK/llQZNE1K6q7CNX/qT-i]
		[F]UqTHqQgjEv (size = 20)
		[D]qhABczpUQkbP
		[D]6o09G SYnGFjh6P
	[D]llQZNE1K6q7CNX
		[F]qT-i (size = 19)
		[D]CjfAnuUyuijyaz42j4
			[L]Mc0legMjWo [->/r_URNoEOQVRK/mMr3]
		[F]VADcO (size = 87)
		[F]gpapazdw6O (size = 84)
		[F]GBDWTGKowgJs (size = 34)
	[D]mMr3
		[L]0KpmQbcoNV [->/r_URNoEOQVRK/llQZNE1K6q7CNX/qT-i]
		[L]WFeUelpra5akWlQd1n [->/MiTpPEJnpVptE/ugQv_a5glXq/h8G 0aS8Dr-R]
	[D]EWQSmUt75dk
		[D]NlsNt_6n6plzM
			[L]Tyq-TGyfzX [->/r_URNoEOQVRK/EWQSmUt75dk/hDLHaeEkJohYWS/fB2xE-MGr-ZTIIGe]
		[F]rltIkNx5bpb0m78FBlJ (size = 96)
		[D]hDLHaeEkJohYWS
			[D]fB2xE-MGr-ZTIIGe
				[F]nQzAm-ztN6mJ (size = 15)
	[D]gwfBWAP355js7
		[D]gS7fSxa36Hn8
			[L]0dQVMdNy [->/OIcdpPuIzJb-wQ]
			[L]syn2ub8n [->/r_URNoEOQVRK/gwfBWAP355js7/gS7fSxa36Hn8]
			[D]0ynVcdsbL
		[D]ejnuS8R
			[D]oMnS2
	[L]a7JMxK_-FaERjpC1QJN [->/r_URNoEOQVRK/llQZNE1K6q7CNX]
	[F]hnUCtNQpg3zSWSDrSM (size = 11)
[L]5eLrHfMY61PDqVJxm11H [->/kWaf9i7fZ7YCxP_jmbVy]
[F]kWaf9i7fZ7YCxP_jmbVy (size = 43)
[D]MiTpPEJnpVptE
	[D]ugQv_a5glXq
		[D]h8G 0aS8Dr-R

print_layout
[F]OIcdpPuIzJb-wQ (size = 16)
[D]kMGUq9tid4
	[F]1bwkV8TDQHJSrZr (size = 49)
	[D]KZhrkoyg
		[D]LpB3vp
		[D]kxfn3h91A
		[L]04V9NET [->/MiTpPEJnpVptE/ugQv_a5glXq/h8G 0aS8Dr-R]
	[F]5Bp4-Kb6VaK4Apy-MXJm (size = 80)
	[F]gxPFenVF (size = 14)
	[L]-pOjfyfI3f_CPhUNnrU [->/OIcdpPuIzJb-wQ]
[L]kgsnz4HghMEju_gssE [->/OIcdpPuIzJb-wQ]
[D]r_URNoEOQVRK
	[F]9yfhzD2c (size = 6)
	[L]DsPDMGD5dqWgwUS [->/kWaf9i7fZ7YCxP_jmbVy]
	[D]CdjssNpw
		[F]DAehcq_fhoemUPV-K9 (size = 4)
		[L]DNjPuQXvMXEzZi_BhA [->/r_URNoEOQVRK/llQZNE1K6q7CNX/qT-i]
		[F]UqTHqQgjEv (size = 20)
		[D]qhABczpUQkbP
		[D]6o09G SYnGFjh6P
	[D]llQZNE1K6q7CNX
		[F]qT-i (size = 19)
		[D]CjfAnuUyuijyaz42j4
			[L]Mc0legMjWo [->/r_URNoEOQVRK/mMr3]
		[F]VADcO (size = 87)
		[F]gpapazdw6O (size = 84)
		[F]GBDWTGKowgJs (size = 34)
	[D]mMr3
		[L]0KpmQbcoNV [->/r_URNoEOQVRK/llQZNE1K6q7CNX/qT-i]
		[L]WFeUelpra5akWlQd1n [->/MiTpPEJnpVptE/ugQv_a5glXq/h8G 0aS8Dr-R]
	[D]EWQSmUt75dk
		[D]NlsNt_6n6plzM
			[L]Tyq-TGyfzX [->/r_URNoEOQVRK/EWQSmUt75dk/hDLHaeEkJohYWS/fB2xE-MGr-ZTIIGe]
		[F]rltIkNx5bpb0m78FBlJ (size = 96)
		[D]hDLHaeEkJohYWS
			[D]fB2xE-MGr-ZTIIGe
				[F]nQzAm-ztN6mJ (size = 15)
	[D]gwfBWAP355js7
		[D]gS7fSxa36Hn8
			[L]0dQVMdNy [->/OIcdpPuIzJb-wQ]
			[L]syn2ub8n [->/r_URNoEOQVRK/gwfBWAP355js7/gS7fSxa36Hn8]
			[D]0ynVcdsbL
		[D]ejnuS8R
			[D]oMnS2
	[L]a7JMxK_-FaERjpC1QJN [->/r_URNoEOQVRK/llQZNE1K6q7CNX]
	[F]hnUCtNQpg3zSWSDrSM (size = 11)
[L]5eLrHfMY61PDqVJxm11H [->/kWaf9i7fZ7YCxP_jmbVy]
[F]kWaf9i7fZ7YCxP_jmbVy (size = 43)
[D]MiTpPEJnpVptE
	[D]ugQv_a5glXq
		[D]h8G 0aS8Dr-R

create_file
52
create_file
53
create_file
54
create_file
55
exist
1
create_file
56
get_name
qhABczpUQkbP
create_directory
57
create_file
58
create_file
59
get_name
kgsnz4HghMEju_gssE
create_file
60
print_layout
[F]OIcdpPuIzJb-wQ (size = 16)
[D]kMGUq9tid4
	[F]1bwkV8TDQHJSrZr (size = 49)
	[D]KZhrkoyg
		[D]LpB3vp
			[F]OXnJLnqm3Pa-hMV (size = 100)
		[D]kxfn3h91A
			[F]tmN_ofJGgvP WkjzOd (size = 64)
			[D]3Q3FXc2TS 
			[F]tBUyIGZ (size = 21)
		[L]04V9NET [->/MiTpPEJnpVptE/ugQv_a5glXq/h8G 0aS8Dr-R]
	[F]5Bp4-Kb6VaK4Apy-MXJm (size = 80)
	[F]gxPFenVF (size = 14)
	[L]-pOjfyfI3f_CPhUNnrU [->/OIcdpPuIzJb-wQ]
[L]kgsnz4HghMEju_gssE [->/OIcdpPuIzJb-wQ]
[D]r_URNoEOQVRK
	[F]9yfhzD2c (size = 6)
	[L]DsPDMGD5dqWgwUS [->/kWaf9i7fZ7YCxP_jmbVy]
	[D]CdjssNpw
		[F]DAehcq_fhoemUPV-K9 (size = 4)
		[L]DNjPuQXvMXEzZi_BhA [->/r_URNoEOQVRK/llQZNE1K6q7CNX/qT-i]
		[F]UqTHqQgjEv (size = 20)
		[D]qhABczpUQkbP
		[D]6o09G SYnGFjh6P
		[F]bXc-kEyibUwjnKqg8D (size = 62)
	[D]llQZNE1K6q7CNX
		[F]qT-i (size = 19)
		[D]CjfAnuUyuijyaz42j4
			[L]Mc0legMjWo [->/r_URNoEOQVRK/mMr3]
			[F]PfZBy4VJX358cV8 (size = 5)
		[F]VADcO (size = 87)
		[F]gpapazdw6O (size = 84)
		[F]GBDWTGKowgJs (size = 34)
	[D]mMr3
		[L]0KpmQbcoNV [->/r_URNoEOQVRK/llQZNE1K6q7CNX/qT-i]
		[L]WFeUelpra5akWlQd1n [->/MiTpPEJnpVptE/ugQv_a5glXq/h8G 0aS8Dr-R]
		[F]kraJsb7EFFeVW (size = 10)
		[F]Ob7dSCuo (size = 8)
	[D]EWQSmUt75dk
		[D]NlsNt_6n6plzM
			[L]Tyq-TGyfzX [->/r_URNoEOQVRK/EWQSmUt75dk/hDLHaeEkJohYWS/fB2xE-MGr-ZTIIGe]
		[F]rltIkNx5bpb0m78FBlJ (size = 96)
		[D]hDLHaeEkJohYWS
			[D]fB2xE-MGr-ZTIIGe
				[F]nQzAm-ztN6mJ (size = 15)
	[D]gwfBWAP355js7
		[D]gS7fSxa36Hn8
			[L]0dQVMdNy [->/OIcdpPuIzJb-wQ]
			[L]syn2ub8n [->/r_URNoEOQVRK/gwfBWAP355js7/gS7fSxa36Hn8]
			[D]0ynVcdsbL
		[D]ejnuS8R
			[D]oMnS2
			[F]yO7AfElXqM3qLvir4j (size = 55)
	[L]a7JMxK_-FaERjpC1QJN [->/r_URNoEOQVRK/llQZNE1K6q7CNX]
	[F]hnUCtNQpg3zSWSDrSM (size = 11)
[L]5eLrHfMY61PDqVJxm11H [->/kWaf9i7fZ7YCxP_jmbVy]
[F]kWaf9i7fZ7YCxP_jmbVy (size = 43)
[D]MiTpPEJnpVptE
	[D]ugQv_a5glXq
		[D]h8G 0aS8Dr-R

get_available_size
6538
get_file_size_path
Invalid handle!
get_absolute_path
/r_URNoEOQVRK/gwfBWAP355js7/ejnuS8R
rename
create_directory
61
create_link
62
create_file
63
create_file
64
follow
22
create_directory
65
create_link
66
remove
get_absolute_path
/r_URNoEOQVRK/llQZNE1K6q7CNX/gpapazdw6O
create_link
18
create_directory
67
print_layout
[F]OIcdpPuIzJb-wQ (size = 16)
[D]kMGUq9tid4
	[F]1bwkV8TDQHJSrZr (size = 49)
	[D]KZhrkoyg
		[D]LpB3vp
			[F]OXnJLnqm3Pa-hMV (size = 100)
			[D]JL0Al3h0L9PufZxAa1iv
				[L]X8oUiTt [->/r_URNoEOQVRK/CdjssNpw/UqTHqQgjEv]
		[D]kxfn3h91A
			[F]tmN_ofJGgvP WkjzOd (size = 64)
			[D]3Q3FXc2TS 
			[F]tBUyIGZ (size = 21)
			[F]objmIU5 (size = 37)
		[L]04V9NET [->/MiTpPEJnpVptE/ugQv_a5glXq/h8G 0aS8Dr-R]
	[F]5Bp4-Kb6VaK4Apy-MXJm (size = 80)
	[F]gxPFenVF (size = 14)
	[L]-pOjfyfI3f_CPhUNnrU [->/OIcdpPuIzJb-wQ]
[L]kgsnz4HghMEju_gssE [->/OIcdpPuIzJb-wQ]
[D]r_URNoEOQVRK
	[F]9yfhzD2c (size = 6)
	[L]DsPDMGD5dqWgwUS [->/SXsHmGa8js]
	[D]CdjssNpw
		[F]DAehcq_fhoemUPV-K9 (size = 4)
		[L]DNjPuQXvMXEzZi_BhA [->/r_URNoEOQVRK/llQZNE1K6q7CNX/qT-i]
		[F]UqTHqQgjEv (size = 20)
		[D]qhABczpUQkbP
			[L]TjUZiImibWyG [->/r_URNoEOQVRK/llQZNE1K6q7CNX/VADcO]
		[D]6o09G SYnGFjh6P
		[F]bXc-kEyibUwjnKqg8D (size = 62)
	[D]llQZNE1K6q7CNX
		[F]qT-i (size = 19)
		[D]CjfAnuUyuijyaz42j4
			[L]Mc0legMjWo [->/r_URNoEOQVRK/mMr3]
			[F]PfZBy4VJX358cV8 (size = 5)
			[F]9wWYoc (size = 53)
		[F]VADcO (size = 87)
		[F]gpapazdw6O (size = 84)
		[F]GBDWTGKowgJs (size = 34)
		[D]AB2vHUiumxW6
	[D]mMr3
		[L]WFeUelpra5akWlQd1n [->/MiTpPEJnpVptE/ugQv_a5glXq/h8G 0aS8Dr-R]
		[F]kraJsb7EFFeVW (size = 10)
		[F]Ob7dSCuo (size = 8)
	[D]EWQSmUt75dk
		[D]NlsNt_6n6plzM
			[L]Tyq-TGyfzX [->/r_URNoEOQVRK/EWQSmUt75dk/hDLHaeEkJohYWS/fB2xE-MGr-ZTIIGe]
		[F]rltIkNx5bpb0m78FBlJ (size = 96)
		[D]hDLHaeEkJohYWS
			[D]fB2xE-MGr-ZTIIGe
				[F]nQzAm-ztN6mJ (size = 15)
	[D]gwfBWAP355js7
		[D]gS7fSxa36Hn8
			[L]0dQVMdNy [->/OIcdpPuIzJb-wQ]
			[L]syn2ub8n [->/r_URNoEOQVRK/gwfBWAP355js7/gS7fSxa36Hn8]
			[D]0ynVcdsbL
			[L]bs6d8VEB8KGD-9jYKy [->/MiTpPEJnpVptE/ugQv_a5glXq]
			[D]zt-dVr PdVEq
		[D]ejnuS8R
			[D]oMnS2
			[F]yO7AfElXqM3qLvir4j (size = 55)
	[L]a7JMxK_-FaERjpC1QJN [->/r_URNoEOQVRK/llQZNE1K6q7CNX]
	[F]hnUCtNQpg3zSWSDrSM (size = 11)
[L]5eLrHfMY61PDqVJxm11H [->/SXsHmGa8js]
[F]SXsHmGa8js (size = 43)
[D]MiTpPEJnpVptE
	[D]ugQv_a5glXq
		[D]h8G 0aS8Dr-R

create_file
68
create_directory
69
get_file_size_path
Invalid handle!
create_directory
70
print_layout
[F]OIcdpPuIzJb-wQ (size = 16)
[D]kMGUq9tid4
	[F]1bwkV8TDQHJSrZr (size = 49)
	[D]KZhrkoyg
		[D]LpB3vp
			[F]OXnJLnqm3Pa-hMV (size = 100)
			[D]JL0Al3h0L9PufZxAa1iv
				[L]X8oUiTt [->/r_URNoEOQVRK/CdjssNpw/UqTHqQgjEv]
		[D]kxfn3h91A
			[F]tmN_ofJGgvP WkjzOd (size = 64)
			[D]3Q3FXc2TS 
			[F]tBUyIGZ (size = 21)
			[F]objmIU5 (size = 37)
		[L]04V9NET [->/MiTpPEJnpVptE/ugQv_a5glXq/h8G 0aS8Dr-R]
	[F]5Bp4-Kb6VaK4Apy-MXJm (size = 80)
	[F]gxPFenVF (size = 14)
	[L]-pOjfyfI3f_CPhUNnrU [->/OIcdpPuIzJb-wQ]
[L]kgsnz4HghMEju_gssE [->/OIcdpPuIzJb-wQ]
[D]r_URNoEOQVRK
	[F]9yfhzD2c (size = 6)
	[L]DsPDMGD5dqWgwUS [->/SXsHmGa8js]
	[D]CdjssNpw
		[F]DAehcq_fhoemUPV-K9 (size = 4)
		[L]DNjPuQXvMXEzZi_BhA [->/r_URNoEOQVRK/llQZNE1K6q7CNX/qT-i]
		[F]UqTHqQgjEv (size = 20)
		[D]qhABczpUQkbP
			[L]TjUZiImibWyG [->/r_URNoEOQVRK/llQZNE1K6q7CNX/VADcO]
		[D]6o09G SYnGFjh6P
		[F]bXc-kEyibUwjnKqg8D (size = 62)
	[D]llQZNE1K6q7CNX
		[F]qT-i (size = 19)
		[D]CjfAnuUyuijyaz42j4
			[L]Mc0legMjWo [->/r_URNoEOQVRK/mMr3]
			[F]PfZBy4VJX358cV8 (size = 5)
			[F]9wWYoc (size = 53)
		[F]VADcO (size = 87)
		[F]gpapazdw6O (size = 84)
		[F]GBDWTGKowgJs (size = 34)
		[D]AB2vHUiumxW6
	[D]mMr3
		[L]WFeUelpra5akWlQd1n [->/MiTpPEJnpVptE/ugQv_a5glXq/h8G 0aS8Dr-R]
		[F]kraJsb7EFFeVW (size = 10)
		[F]Ob7dSCuo (size = 8)
		[F]HCC3c9l qu5 (size = 224)
	[D]EWQSmUt75dk
		[D]NlsNt_6n6plzM
			[L]Tyq-TGyfzX [->/r_URNoEOQVRK/EWQSmUt75dk/hDLHaeEkJohYWS/fB2xE-MGr-ZTIIGe]
		[F]rltIkNx5bpb0m78FBlJ (size = 96)
		[D]hDLHaeEkJohYWS
			[D]fB2xE-MGr-ZTIIGe
				[F]nQzAm-ztN6mJ (size = 15)
	[D]gwfBWAP355js7
		[D]gS7fSxa36Hn8
			[L]0dQVMdNy [->/OIcdpPuIzJb-wQ]
			[L]syn2ub8n [->/r_URNoEOQVRK/gwfBWAP355js7/gS7fSxa36Hn8]
			[D]0ynVcdsbL
			[L]bs6d8VEB8KGD-9jYKy [->/MiTpPEJnpVptE/ugQv_a5glXq]
			[D]zt-dVr PdVEq
			[D]VL0GOAnNbEh UM
		[D]ejnuS8R
			[D]oMnS2
			[F]yO7AfElXqM3qLvir4j (size = 55)
			[D]kVFkegJH_5jp bDgCWoc
	[L]a7JMxK_-FaERjpC1QJN [->/r_URNoEOQVRK/llQZNE1K6q7CNX]
	[F]hnUCtNQpg3zSWSDrSM (size = 11)
[L]5eLrHfMY61PDqVJxm11H [->/SXsHmGa8js]
[F]SXsHmGa8js (size = 43)
[D]MiTpPEJnpVptE
	[D]ugQv_a5glXq
		[D]h8G 0aS8Dr-R

create_link
71
create_directory
72
get_name
MKVlOueQy
rename
remove
create_file
46
remove
create_file
5
create_directory
73
get_absolute_path
/kMGUq9tid4
get_file_size_path
100
exist
1
create_link
74
create_link
75
quit
