allocate
1
allocate
2
set_parent
allocate
3
ref_node
-50.9536
parent: 0
children: 
remove
set_parent
set_parent
remove
ref_node
25.0382
parent: 0
children: 
allocate
2
remove
remove
allocate
3
peek_nodes
0: 0
1: [recycled]
2: [recycled]
3: -41.7901
remove
allocate
2
allocate
1
remove
allocate
3
ref_node
4.9174
parent: 0
children: 
ref_node
4.9174
parent: 0
children: 
allocate
1
allocate
2
ref_node
93.1162
parent: 3
children: 
allocate
4
peek_nodes
0: 0
1: -44.227
2: 93.1162
3: 4.9174
4: -36.3599
ref_node
4.9174
parent: 0
children: 1 2 
set_parent
allocate
5
set_parent
peek_nodes
0: 0
1: -44.227
2: 93.1162
3: 4.9174
4: -36.3599
5: 35.8011
peek_nodes
0: 0
1: -44.227
2: 93.1162
3: 4.9174
4: -36.3599
5: 35.8011
remove
allocate
4
allocate
2
allocate
6
peek_nodes
0: 0
1: -44.227
2: 28.9438
3: 4.9174
4: -43.3266
5: 35.8011
6: 26.283
allocate
7
set_parent
allocate
8
remove
allocate
2
set_parent
set_parent
remove
allocate
6
allocate
1
allocate
2
ref_node
4.9174
parent: 0
children: 8 1 
allocate
7
allocate
4
allocate
5
set_parent
set_parent
allocate
9
peek_nodes
0: 0
1: -30.1509
2: 89.8539
3: 4.9174
4: 52.0158
5: 4.77149
6: 31.3191
7: 77.5189
8: -26.2827
9: 84.0149
set_parent
peek_nodes
0: 0
1: -30.1509
2: 89.8539
3: 4.9174
4: 52.0158
5: 4.77149
6: 31.3191
7: 77.5189
8: -26.2827
9: 84.0149
allocate
10
ref_node
-30.1509
parent: 7
children: 4 10 
ref_node
-30.1509
parent: 7
children: 4 10 
set_parent
ref_node
86.6714
parent: 1
children: 
allocate
11
remove
allocate
10
quit
