peek_nodes
0: 0
peek_nodes
0: 0
allocate
1
remove
allocate
1
remove
allocate
1
ref_node
92
parent: 0
children: 
allocate
2
ref_node
57
parent: 0
children: 
allocate
3
allocate
4
allocate
5
allocate
6
set_parent
remove
set_parent
allocate
3
peek_nodes
0: 0
1: 92
2: 57
3: -7
4: -41
5: -69
6: -98
remove
remove
allocate
5
remove
allocate
6
allocate
1
ref_node
32
parent: 0
children: 1 
set_parent
allocate
4
ref_node
-7
parent: 0
children: 6 4 
remove
set_parent
remove
allocate
5
ref_node
-7
parent: 0
children: 
allocate
2
allocate
1
allocate
4
allocate
6
ref_node
49
parent: 2
children: 
allocate
7
allocate
8
set_parent
remove
ref_node
25
parent: 0
children: 1 4 
allocate
6
allocate
9
remove
set_parent
allocate
5
allocate
10
allocate
11
allocate
12
set_parent
remove
ref_node
93
parent: 7
children: 
allocate
9
allocate
13
allocate
14
allocate
15
ref_node
-75
parent: 4
children: 
allocate
16
allocate
17
allocate
18
peek_nodes
0: 0
1: 49
2: 25
3: -7
4: 45
5: 22
6: 67
7: 21
8: 93
9: -46
10: 87
11: -52
12: 1
13: 67
14: -75
15: -57
16: 94
17: -98
18: 25
allocate
19
set_parent
remove
allocate
13
allocate
8
allocate
20
remove
allocate
15
set_parent
ref_node
25
parent: 0
children: 1 4 15 
allocate
21
allocate
22
remove
allocate
20
allocate
8
allocate
17
allocate
14
set_parent
allocate
23
allocate
24
set_parent
allocate
25
remove
allocate
17
ref_node
-24
parent: 5
children: 
allocate
6
remove
set_parent
remove
allocate
21
allocate
22
allocate
16
remove
ref_node
-19
parent: 2
children: 
remove
set_parent
remove
allocate
20
remove
allocate
7
remove
allocate
24
peek_nodes
0: 0
1: [recycled]
2: [recycled]
3: [recycled]
4: [recycled]
5: [recycled]
6: -22
7: [recycled]
8: [recycled]
9: -46
10: [recycled]
11: [recycled]
12: 1
13: [recycled]
14: [recycled]
15: [recycled]
16: [recycled]
17: [recycled]
18: [recycled]
19: [recycled]
20: 38
21: [recycled]
22: -99
23: [recycled]
24: 82
25: [recycled]
remove
set_parent
allocate
4
allocate
10
allocate
3
allocate
14
allocate
13
allocate
8
peek_nodes
0: 0
1: [recycled]
2: [recycled]
3: 35
4: -55
5: [recycled]
6: -22
7: [recycled]
8: -65
9: -46
10: 27
11: [recycled]
12: 1
13: -95
14: 68
15: [recycled]
16: [recycled]
17: [recycled]
18: [recycled]
19: [recycled]
20: [recycled]
21: [recycled]
22: [recycled]
23: [recycled]
24: [recycled]
25: [recycled]
ref_node
-22
parent: 0
children: 14 8 
ref_node
35
parent: 10
children: 
ref_node
27
parent: 4
children: 3 
remove
allocate
19
set_parent
set_parent
allocate
18
remove
allocate
17
allocate
25
allocate
5
ref_node
Invalid handle!
allocate
16
remove
remove
allocate
15
ref_node
62
parent: 18
children: 
allocate
11
remove
allocate
1
allocate
23
ref_node
-55
parent: 0
children: 1 
set_parent
remove
ref_node
-55
parent: 0
children: 
ref_node
-35
parent: 0
children: 
allocate
2
allocate
7
set_parent
ref_node
0
parent: 23
children: 11 
peek_nodes
0: 0
1: [recycled]
2: 0
3: [recycled]
4: [recycled]
5: [recycled]
6: [recycled]
7: 2
8: [recycled]
9: [recycled]
10: [recycled]
11: -55
12: [recycled]
13: [recycled]
14: [recycled]
15: [recycled]
16: [recycled]
17: [recycled]
18: [recycled]
19: [recycled]
20: [recycled]
21: [recycled]
22: [recycled]
23: -35
24: [recycled]
25: [recycled]
allocate
21
set_parent
allocate
20
set_parent
ref_node
50
parent: 0
children: 
allocate
24
peek_nodes
0: 0
1: [recycled]
2: 0
3: [recycled]
4: [recycled]
5: [recycled]
6: [recycled]
7: 2
8: [recycled]
9: [recycled]
10: [recycled]
11: -55
12: [recycled]
13: [recycled]
14: [recycled]
15: [recycled]
16: [recycled]
17: [recycled]
18: [recycled]
19: [recycled]
20: 88
21: 50
22: [recycled]
23: -35
24: 76
25: [recycled]
set_parent
allocate
22
ref_node
88
parent: 0
children: 2 
set_parent
remove
ref_node
73
parent: 2
children: 
remove
ref_node
88
parent: 0
children: 2 
allocate
3
remove
allocate
13
allocate
12
ref_node
0
parent: 20
children: 22 3 
allocate
10
allocate
19
set_parent
set_parent
allocate
4
remove
remove
allocate
9
remove
allocate
25
remove
ref_node
22
parent: 12
children: 
allocate
5
allocate
14
remove
peek_nodes
0: 0
1: [recycled]
2: [recycled]
3: [recycled]
4: [recycled]
5: -24
6: [recycled]
7: [recycled]
8: [recycled]
9: [recycled]
10: [recycled]
11: [recycled]
12: -72
13: [recycled]
14: [recycled]
15: [recycled]
16: [recycled]
17: [recycled]
18: [recycled]
19: [recycled]
20: [recycled]
21: [recycled]
22: [recycled]
23: [recycled]
24: [recycled]
25: 22
allocate
17
ref_node
-24
parent: 0
children: 
ref_node
22
parent: 12
children: 
allocate
8
remove
set_parent
allocate
6
ref_node
-73
parent: 0
children: 8 12 
remove
allocate
16
allocate
15
set_parent
Invalid handle!
ref_node
98
parent: 6
children: 
remove
ref_node
-45
parent: 5
children: 15 
allocate
18
set_parent
set_parent
remove
remove
allocate
1
allocate
Node is recycled!
allocate
24
allocate
7
allocate
23
quit
