allocate
1
allocate
2
set_parent
peek_nodes
0: 0
1: 98.743
2: 4.63954
allocate
3
remove
allocate
3
remove
allocate
2
allocate
3
ref_node
-33.0261
parent: 1
children: 
set_parent
allocate
4
remove
remove
remove
allocate
2
remove
allocate
3
allocate
4
allocate
1
allocate
2
ref_node
-15.6217
parent: 3
children: 
set_parent
peek_nodes
0: 0
1: -15.6217
2: -81.3092
3: -4.68341
4: -19.3044
allocate
5
peek_nodes
0: 0
1: -15.6217
2: -81.3092
3: -4.68341
4: -19.3044
5: -65.5238
ref_node
-15.6217
parent: 4
children: 
ref_node
-4.68341
parent: 0
children: 2 
allocate
6
ref_node
-19.3044
parent: 0
children: 1 
remove
allocate
6
remove
allocate
1
allocate
4
allocate
7
peek_nodes
0: 0
1: -21.2368
2: -81.3092
3: -4.68341
4: -97.2268
5: -65.5238
6: -4.9234
7: 82.4587
remove
allocate
7
ref_node
-80.33
parent: 3
children: 
remove
allocate
1
peek_nodes
0: 0
1: 97.6265
2: -81.3092
3: -4.68341
4: -97.2268
5: -65.5238
6: -4.9234
7: -80.33
allocate
8
allocate
9
allocate
10
allocate
11
allocate
12
set_parent
allocate
13
allocate
14
remove
set_parent
peek_nodes
0: 0
1: [recycled]
2: -81.3092
3: -4.68341
4: -97.2268
5: [recycled]
6: -4.9234
7: -80.33
8: -88.8055
9: -41.694
10: -91.8407
11: 25.4309
12: 44.464
13: -68.9855
14: 55.0934
ref_node
-97.2268
parent: 6
children: 8 
allocate
1
allocate
5
allocate
15
remove
remove
allocate
10
peek_nodes
0: 0
1: -41.0447
2: -81.3092
3: -4.68341
4: -97.2268
5: 46.4372
6: -4.9234
7: -80.33
8: -88.8055
9: -41.694
10: 65.5872
11: 25.4309
12: 44.464
13: [recycled]
14: [recycled]
15: 25.3013
allocate
14
allocate
13
allocate
16
remove
allocate
14
allocate
13
set_parent
ref_node
44.464
parent: 11
children: 1 
allocate
5
allocate
15
allocate
8
set_parent
set_parent
allocate
17
allocate
18
quit
